// Jest Snapshot v1, https://goo.gl/fbAQLP

exports[`withForm should render without error 1`] = `
ShallowWrapper {
  "length": 1,
  Symbol(enzyme.__root__): [Circular],
  Symbol(enzyme.__unrendered__): <FormComponent(TestComponent)
    context={
      Object {
        "asyncValidateOnChange": false,
        "asyncValidationWait": 400,
        "busy": false,
        "defaultValues": Object {},
        "disabled": false,
        "fieldPrefix": null,
        "getFieldState": [MockFunction],
        "getValues": [MockFunction],
        "notifyFieldEvent": [MockFunction],
        "registerField": [MockFunction],
        "registerListener": [MockFunction],
        "stringFormatter": [MockFunction],
        "unregisterField": [MockFunction],
        "unregisterListener": [MockFunction],
      }
    }
    name="unitField"
  />,
  Symbol(enzyme.__renderer__): Object {
    "batchedUpdates": [Function],
    "getNode": [Function],
    "render": [Function],
    "simulateEvent": [Function],
    "unmount": [Function],
  },
  Symbol(enzyme.__node__): Object {
    "instance": null,
    "key": undefined,
    "nodeType": "function",
    "props": Object {
      "children": [Function],
    },
    "ref": null,
    "rendered": [Function],
    "type": Object {
      "$$typeof": Symbol(react.context),
      "Consumer": [Circular],
      "Provider": Object {
        "$$typeof": Symbol(react.provider),
        "_context": [Circular],
      },
      "_calculateChangedBits": null,
      "_changedBits": 0,
      "_changedBits2": 0,
      "_currentRenderer": null,
      "_currentRenderer2": null,
      "_currentValue": "form",
      "_currentValue2": "form",
      "_defaultValue": "form",
    },
  },
  Symbol(enzyme.__nodes__): Array [
    Object {
      "instance": null,
      "key": undefined,
      "nodeType": "function",
      "props": Object {
        "children": [Function],
      },
      "ref": null,
      "rendered": [Function],
      "type": Object {
        "$$typeof": Symbol(react.context),
        "Consumer": [Circular],
        "Provider": Object {
          "$$typeof": Symbol(react.provider),
          "_context": [Circular],
        },
        "_calculateChangedBits": null,
        "_changedBits": 0,
        "_changedBits2": 0,
        "_currentRenderer": null,
        "_currentRenderer2": null,
        "_currentValue": "form",
        "_currentValue2": "form",
        "_defaultValue": "form",
      },
    },
  ],
  Symbol(enzyme.__options__): Object {
    "adapter": ReactSixteenAdapter {
      "options": Object {
        "enableComponentDidUpdateOnSetState": true,
      },
    },
  },
}
`;
