// Jest Snapshot v1, https://goo.gl/fbAQLP

exports[`<Field /> Render should render without crashing 1`] = `
ShallowWrapper {
  Symbol(enzyme.__root__): [Circular],
  Symbol(enzyme.__unrendered__): <Field
    context={
      Object {
        "asyncValidateOnChange": false,
        "asyncValidationWait": 400,
        "busy": false,
        "defaultValues": Object {},
        "disabled": false,
        "fieldPrefix": null,
        "getFieldState": [MockFunction],
        "getValues": [MockFunction],
        "notifyFieldEvent": [MockFunction],
        "plaintext": false,
        "registerField": [MockFunction] {
          "calls": Array [
            Array [
              "unitField",
              Object {
                "getValue": [Function],
                "label": "Unit field",
                "reset": [Function],
                "updateValidation": [MockFunction],
                "validate": [Function],
              },
            ],
          ],
          "results": Array [
            Object {
              "isThrow": false,
              "value": undefined,
            },
          ],
        },
        "registerListener": [MockFunction],
        "stringFormatter": [MockFunction],
        "submit": [MockFunction],
        "unregisterField": [MockFunction],
        "unregisterListener": [MockFunction],
      }
    }
    fullName="unitField"
    label="Unit field"
    name="unitField"
    render={[Function]}
    validation={
      Object {
        "error": null,
        "isRequired": false,
        "isValidating": false,
        "reset": [MockFunction],
        "update": [MockFunction],
        "valid": true,
        "validate": [MockFunction],
      }
    }
  />,
  Symbol(enzyme.__renderer__): Object {
    "batchedUpdates": [Function],
    "getNode": [Function],
    "render": [Function],
    "simulateError": [Function],
    "simulateEvent": [Function],
    "unmount": [Function],
  },
  Symbol(enzyme.__node__): Object {
    "instance": null,
    "key": undefined,
    "nodeType": "host",
    "props": Object {
      "id": "test-component",
    },
    "ref": null,
    "rendered": null,
    "type": "div",
  },
  Symbol(enzyme.__nodes__): Array [
    Object {
      "instance": null,
      "key": undefined,
      "nodeType": "host",
      "props": Object {
        "id": "test-component",
      },
      "ref": null,
      "rendered": null,
      "type": "div",
    },
  ],
  Symbol(enzyme.__options__): Object {
    "adapter": ReactSixteenAdapter {
      "options": Object {
        "enableComponentDidUpdateOnSetState": true,
        "lifecycles": Object {
          "componentDidUpdate": Object {
            "onSetState": true,
          },
          "getDerivedStateFromProps": true,
          "getSnapshotBeforeUpdate": true,
          "setState": Object {
            "skipsComponentDidUpdateOnNullish": true,
          },
        },
      },
    },
  },
}
`;
