// Jest Snapshot v1, https://goo.gl/fbAQLP

exports[`withValidation should render without error 1`] = `
<div
  id="test-component"
/>
`;
