// Jest Snapshot v1, https://goo.gl/fbAQLP

exports[`<Field /> Render should render without crashing 1`] = `
ShallowWrapper {
  Symbol(enzyme.__root__): [Circular],
  Symbol(enzyme.__unrendered__): <Field
    component={[Function]}
    context={
      Object {
        "asyncValidateOnChange": false,
        "asyncValidationWait": 400,
        "busy": false,
        "defaultValues": Object {},
        "disabled": false,
        "fieldPrefix": null,
        "getFieldState": [MockFunction],
        "getValues": [MockFunction],
        "notifyFieldEvent": [MockFunction],
        "plaintext": false,
        "registerField": [MockFunction] {
          "calls": Array [
            Array [
              "unitField",
              Object {
                "getValue": [Function],
                "label": "Unit field",
                "reset": [Function],
                "updateValidation": [MockFunction],
                "validate": [Function],
              },
            ],
          ],
          "results": Array [
            Object {
              "isThrow": false,
              "value": undefined,
            },
          ],
        },
        "registerListener": [MockFunction],
        "stringFormatter": [MockFunction],
        "submit": [MockFunction],
        "unregisterField": [MockFunction],
        "unregisterListener": [MockFunction],
      }
    }
    fullName="unitField"
    getDisplayValue={[Function]}
    getSubmitValue={[Function]}
    label="Unit field"
    name="unitField"
    onBlur={[Function]}
    onChange={[Function]}
    validation={
      Object {
        "error": null,
        "isValidating": false,
        "reset": [MockFunction],
        "update": [MockFunction],
        "valid": true,
        "validate": [MockFunction],
      }
    }
  />,
  Symbol(enzyme.__renderer__): Object {
    "batchedUpdates": [Function],
    "getNode": [Function],
    "render": [Function],
    "simulateEvent": [Function],
    "unmount": [Function],
  },
  Symbol(enzyme.__node__): Object {
    "instance": null,
    "key": undefined,
    "nodeType": "function",
    "props": Object {
      "field": Object {
        "disabled": false,
        "id": "unitField",
        "name": "unitField",
        "onBlur": [Function],
        "onChange": [Function],
        "value": "",
      },
      "label": "Unit field",
      "meta": Object {
        "error": null,
        "isValidating": false,
        "plaintext": false,
        "stringFormatter": [MockFunction],
        "touched": false,
        "valid": true,
      },
    },
    "ref": null,
    "rendered": null,
    "type": [Function],
  },
  Symbol(enzyme.__nodes__): Array [
    Object {
      "instance": null,
      "key": undefined,
      "nodeType": "function",
      "props": Object {
        "field": Object {
          "disabled": false,
          "id": "unitField",
          "name": "unitField",
          "onBlur": [Function],
          "onChange": [Function],
          "value": "",
        },
        "label": "Unit field",
        "meta": Object {
          "error": null,
          "isValidating": false,
          "plaintext": false,
          "stringFormatter": [MockFunction],
          "touched": false,
          "valid": true,
        },
      },
      "ref": null,
      "rendered": null,
      "type": [Function],
    },
  ],
  Symbol(enzyme.__options__): Object {
    "adapter": ReactSixteenAdapter {
      "options": Object {
        "enableComponentDidUpdateOnSetState": true,
        "lifecycles": Object {
          "componentDidUpdate": Object {
            "onSetState": true,
          },
          "getSnapshotBeforeUpdate": true,
        },
      },
    },
    "attachTo": undefined,
    "hydrateIn": undefined,
  },
}
`;
