// Jest Snapshot v1, https://goo.gl/fbAQLP

exports[`<FieldGroup /> Render should render without crashing 1`] = `
<ContextProvider
  value={
    Object {
      "asyncValidateOnChange": false,
      "asyncValidationWait": 400,
      "busy": false,
      "defaultValues": Object {},
      "disabled": false,
      "fieldPrefix": "unitGroup",
      "getFieldState": [MockFunction],
      "getValues": [MockFunction],
      "notifyFieldEvent": [MockFunction],
      "plaintext": false,
      "registerField": [MockFunction],
      "registerListener": [MockFunction],
      "stringFormatter": [MockFunction],
      "submit": [MockFunction],
      "unregisterField": [MockFunction],
      "unregisterListener": [MockFunction],
    }
  }
/>
`;
